../Core/Src/main.c:129:6:ISO_RESET	8	static
../Core/Src/main.c:145:6:StartPWM	8	static
../Core/Src/main.c:160:6:StopPWM	8	static
../Core/Src/main.c:175:6:DutyCycleFuncDef	16	static
../Core/Src/main.c:187:7:CurrentConversion	8	static
../Core/Src/main.c:212:7:SpeedCalculation	16	static
../Core/Src/main.c:229:5:main	128	static
../Core/Src/main.c:450:6:SystemClock_Config	88	static
../Core/Src/main.c:497:13:MX_ADC1_Init	56	static
../Core/Src/main.c:565:13:MX_TIM1_Init	120	static
../Core/Src/main.c:652:13:MX_TIM3_Init	56	static
../Core/Src/main.c:701:13:MX_TIM4_Init	40	static
../Core/Src/main.c:746:13:MX_TIM8_Init	40	static
../Core/Src/main.c:793:13:MX_USART2_UART_Init	8	static
../Core/Src/main.c:839:13:MX_DMA_Init	16	static
../Core/Src/main.c:858:13:MX_GPIO_Init	40	static
../Core/Src/main.c:897:6:HAL_UART_RxCpltCallback	16	static
../Core/Src/main.c:909:6:HAL_ADC_ConvCpltCallback	16	static
../Core/Src/main.c:930:6:HAL_TIM_PeriodElapsedCallback	16	static
../Core/Src/main.c:952:6:Error_Handler	4	static,ignoring_inline_asm
