../Core/Src/main.c:121:6:ISO_RESET	8	static
../Core/Src/main.c:137:6:StartPWM	8	static
../Core/Src/main.c:152:6:StopPWM	8	static
../Core/Src/main.c:166:7:CurrentConversion	8	static
../Core/Src/main.c:191:6:DutyCycleFuncDef	16	static
../Core/Src/main.c:210:5:main	128	static
../Core/Src/main.c:418:6:SystemClock_Config	88	static
../Core/Src/main.c:465:13:MX_ADC1_Init	56	static
../Core/Src/main.c:533:13:MX_TIM1_Init	120	static
../Core/Src/main.c:620:13:MX_TIM3_Init	56	static
../Core/Src/main.c:669:13:MX_TIM4_Init	40	static
../Core/Src/main.c:714:13:MX_TIM8_Init	40	static
../Core/Src/main.c:761:13:MX_USART2_UART_Init	8	static
../Core/Src/main.c:807:13:MX_DMA_Init	16	static
../Core/Src/main.c:826:13:MX_GPIO_Init	40	static
../Core/Src/main.c:865:6:HAL_UART_RxCpltCallback	16	static
../Core/Src/main.c:877:6:HAL_ADC_ConvCpltCallback	16	static
../Core/Src/main.c:902:6:HAL_TIM_PeriodElapsedCallback	16	static
../Core/Src/main.c:919:6:Error_Handler	4	static,ignoring_inline_asm
