../Core/Src/main.c:157:6:ISO_RESET	8	static
../Core/Src/main.c:173:6:StartPWM	8	static
../Core/Src/main.c:188:6:StopPWM	8	static
../Core/Src/main.c:203:6:DutyCycleFuncDef	16	static
../Core/Src/main.c:215:7:CurrentConversion	8	static
../Core/Src/main.c:240:7:SpeedCalculation	16	static
../Core/Src/main.c:252:5:CurrentPI	32	static
../Core/Src/main.c:289:7:SpeedPI	32	static
../Core/Src/main.c:331:5:main	128	static
../Core/Src/main.c:602:6:SystemClock_Config	88	static
../Core/Src/main.c:649:13:MX_ADC1_Init	56	static
../Core/Src/main.c:717:13:MX_TIM1_Init	120	static
../Core/Src/main.c:804:13:MX_TIM3_Init	56	static
../Core/Src/main.c:853:13:MX_TIM4_Init	40	static
../Core/Src/main.c:898:13:MX_TIM8_Init	40	static
../Core/Src/main.c:945:13:MX_USART2_UART_Init	8	static
../Core/Src/main.c:991:13:MX_DMA_Init	16	static
../Core/Src/main.c:1010:13:MX_GPIO_Init	40	static
../Core/Src/main.c:1049:6:HAL_UART_RxCpltCallback	16	static
../Core/Src/main.c:1061:6:HAL_ADC_ConvCpltCallback	16	static
../Core/Src/main.c:1082:6:HAL_TIM_PeriodElapsedCallback	16	static
../Core/Src/main.c:1104:6:Error_Handler	4	static,ignoring_inline_asm
