../Core/Src/main.c:118:5:main	128	static
../Core/Src/main.c:298:6:SystemClock_Config	88	static
../Core/Src/main.c:345:13:MX_ADC1_Init	56	static
../Core/Src/main.c:413:13:MX_TIM1_Init	120	static
../Core/Src/main.c:500:13:MX_TIM8_Init	40	static
../Core/Src/main.c:547:13:MX_USART2_UART_Init	8	static
../Core/Src/main.c:593:13:MX_DMA_Init	16	static
../Core/Src/main.c:612:13:MX_GPIO_Init	40	static
../Core/Src/main.c:650:6:HAL_UART_RxCpltCallback	16	static
../Core/Src/main.c:656:6:HAL_ADC_ConvCpltCallback	16	static
../Core/Src/main.c:676:6:HAL_TIM_PeriodElapsedCallback	16	static
../Core/Src/main.c:693:6:Error_Handler	4	static,ignoring_inline_asm
