16:38:56 **** Incremental Build of configuration Debug for project NUCLEO-G431RB-MSC_Shell ****
make -j8 all 
arm-none-eabi-size   NUCLEO-G431RB-MSC_Shell.elf 
   text	   data	    bss	    dec	    hex	filename
  36820	    536	   2072	  39428	   9a04	NUCLEO-G431RB-MSC_Shell.elf
Finished building: default.size.stdout
 
16:38:59 **** Incremental Build of configuration Debug for project NUCLEO-G431RB-MSC_Shell ****
make -j8 all 
arm-none-eabi-size   NUCLEO-G431RB-MSC_Shell.elf 
   text	   data	    bss	    dec	    hex	filename
  36820	    536	   2072	  39428	   9a04	NUCLEO-G431RB-MSC_Shell.elf
Finished building: default.size.stdout
 
16:39:27 **** Incremental Build of configuration Debug for project NUCLEO-G431RB-MSC_Shell ****
make -j8 all 
arm-none-eabi-size   NUCLEO-G431RB-MSC_Shell.elf 
   text	   data	    bss	    dec	    hex	filename
  36820	    536	   2072	  39428	   9a04	NUCLEO-G431RB-MSC_Shell.elf
Finished building: default.size.stdout
 
16:40:06 **** Incremental Build of configuration Debug for project NUCLEO-G431RB-MSC_Shell ****
make -j8 all 
arm-none-eabi-size   NUCLEO-G431RB-MSC_Shell.elf 
   text	   data	    bss	    dec	    hex	filename
  36820	    536	   2072	  39428	   9a04	NUCLEO-G431RB-MSC_Shell.elf
Finished building: default.size.stdout
 
